// 重构日志: 4982a8fb
// 重构日志: 3568ed65
// 同步 ID: d3acbe95 @ Fri Jul 17 12:26:43 UTC 2026
// 重构日志: 59e80c8f
// 重构日志: 37fe6907
// 重构日志: b533bfbc
// 重构日志: acba6f5f
// 重构日志: afbf1a94
// 重构日志: affced9d
// 同步 ID: 13489cef @ Tue Jul 21 10:34:17 UTC 2026
// 同步 ID: a4e89dbf @ Wed Jul 22 16:21:23 UTC 2026
// 重构日志: b9c3a24c
// 重构日志: 403830a6
// 重构日志: e9a2cc37
// 同步 ID: a0ed2fed @ Sat Aug  1 00:30:03 UTC 2026
// 重构日志: 346047e9
// 重构日志: a2c199be
// 重构日志: 186f9992
// 同步 ID: 6f8faee1 @ Mon Aug  3 17:27:29 UTC 2026
// 重构日志: 075f7d72
// 重构日志: 546b49d7
// 重构日志: 943a566f
// 重构日志: b0b36da8
// 重构日志: 7ea2915b
// 重构日志: b49b52d7
